../Core/Src/main.c:605:13:MX_GPIO_Init	56	static
../Core/Src/main.c:583:13:MX_DMA_Init	16	static
../Core/Src/main.c:670:6:HAL_TIM_PeriodElapsedCallback	8	static
../Core/Src/main.c:680:6:HAL_DACEx_ConvHalfCpltCallbackCh2	8	static
../Core/Src/main.c:687:6:HAL_DACEx_ConvCpltCallbackCh2	8	static
../Core/Src/main.c:700:6:Error_Handler	0	static,ignoring_inline_asm
../Core/Src/main.c:293:13:MX_ADC1_Init	24	static
../Core/Src/main.c:345:13:MX_DAC_Init	16	static
../Core/Src/main.c:385:13:MX_SPI1_Init	8	static
../Core/Src/main.c:552:13:MX_USART1_UART_Init	8	static
../Core/Src/main.c:423:13:MX_TIM2_Init	32	static
../Core/Src/main.c:468:13:MX_TIM6_Init	16	static
../Core/Src/main.c:506:13:MX_TIM8_Init	32	static
../Core/Src/main.c:247:6:SystemClock_Config	96	static
../Core/Src/main.c:100:5:main	32	static
