../Core/Src/main.c:620:13:MX_GPIO_Init	1
../Core/Src/main.c:598:13:MX_DMA_Init	1
../Core/Src/main.c:687:6:HAL_TIM_PeriodElapsedCallback	2
../Core/Src/main.c:697:6:HAL_DACEx_ConvHalfCpltCallbackCh2	4
../Core/Src/main.c:714:6:HAL_DACEx_ConvCpltCallbackCh2	4
../Core/Src/main.c:733:6:HAL_ADC_ConvHalfCpltCallback	2
../Core/Src/main.c:745:6:HAL_ADC_ConvCpltCallback	2
../Core/Src/main.c:763:6:Error_Handler	1
../Core/Src/main.c:308:13:MX_ADC1_Init	1
../Core/Src/main.c:360:13:MX_DAC_Init	1
../Core/Src/main.c:400:13:MX_SPI1_Init	1
../Core/Src/main.c:567:13:MX_USART1_UART_Init	1
../Core/Src/main.c:438:13:MX_TIM2_Init	1
../Core/Src/main.c:483:13:MX_TIM6_Init	1
../Core/Src/main.c:521:13:MX_TIM8_Init	1
../Core/Src/main.c:262:6:SystemClock_Config	1
../Core/Src/main.c:106:5:main	2
