../Core/Src/main.c:565:13:MX_GPIO_Init	1
../Core/Src/main.c:547:13:MX_DMA_Init	1
../Core/Src/main.c:630:6:HAL_TIM_PeriodElapsedCallback	1
../Core/Src/main.c:653:6:HAL_DACEx_ConvHalfCpltCallbackCh2	1
../Core/Src/main.c:658:6:HAL_DACEx_ConvCpltCallbackCh2	1
../Core/Src/main.c:669:6:Error_Handler	1
../Core/Src/main.c:308:13:MX_ADC1_Init	1
../Core/Src/main.c:355:13:MX_DAC_Init	1
../Core/Src/main.c:395:13:MX_SPI1_Init	1
../Core/Src/main.c:516:13:MX_USART1_UART_Init	1
../Core/Src/main.c:433:13:MX_TIM2_Init	1
../Core/Src/main.c:478:13:MX_TIM6_Init	1
../Core/Src/main.c:262:6:SystemClock_Config	1
../Core/Src/main.c:97:5:main	1
