../Core/Src/main.c:85:13:uart_tx	16	static
../Core/Src/main.c:103:5:main	32	static
../Core/Src/main.c:240:6:SystemClock_Config	96	static
../Core/Src/main.c:284:13:MX_ADC1_Init	24	static
../Core/Src/main.c:331:13:MX_DAC_Init	16	static
../Core/Src/main.c:371:13:MX_SPI1_Init	8	static
../Core/Src/main.c:409:13:MX_TIM2_Init	32	static
../Core/Src/main.c:454:13:MX_TIM6_Init	16	static
../Core/Src/main.c:492:13:MX_USART1_UART_Init	8	static
../Core/Src/main.c:525:13:MX_GPIO_Init	40	static
../Core/Src/main.c:590:6:HAL_TIM_PeriodElapsedCallback	16	static
../Core/Src/main.c:610:6:Error_Handler	4	static,ignoring_inline_asm
