../Core/Src/stm32f1xx_hal_msp.c:63:6:HAL_MspInit	8	static
../Core/Src/stm32f1xx_hal_msp.c:90:6:HAL_ADC_MspInit	32	static
../Core/Src/stm32f1xx_hal_msp.c:123:6:HAL_ADC_MspDeInit	8	static
../Core/Src/stm32f1xx_hal_msp.c:151:6:HAL_DAC_MspInit	32	static
../Core/Src/stm32f1xx_hal_msp.c:184:6:HAL_DAC_MspDeInit	8	static
../Core/Src/stm32f1xx_hal_msp.c:212:6:HAL_SPI_MspInit	32	static
../Core/Src/stm32f1xx_hal_msp.c:249:6:HAL_SPI_MspDeInit	8	static
../Core/Src/stm32f1xx_hal_msp.c:278:6:HAL_TIM_Base_MspInit	16	static
../Core/Src/stm32f1xx_hal_msp.c:317:6:HAL_TIM_Base_MspDeInit	8	static
../Core/Src/stm32f1xx_hal_msp.c:356:6:HAL_UART_MspInit	32	static
../Core/Src/stm32f1xx_hal_msp.c:396:6:HAL_UART_MspDeInit	8	static
