../Core/Src/stm32f1xx_hal_msp.c:66:6:HAL_MspInit	8	static
../Core/Src/stm32f1xx_hal_msp.c:93:6:HAL_ADC_MspInit	32	static
../Core/Src/stm32f1xx_hal_msp.c:143:6:HAL_ADC_MspDeInit	8	static
../Core/Src/stm32f1xx_hal_msp.c:173:6:HAL_DAC_MspInit	40	static
../Core/Src/stm32f1xx_hal_msp.c:223:6:HAL_DAC_MspDeInit	8	static
../Core/Src/stm32f1xx_hal_msp.c:253:6:HAL_SPI_MspInit	32	static
../Core/Src/stm32f1xx_hal_msp.c:290:6:HAL_SPI_MspDeInit	8	static
../Core/Src/stm32f1xx_hal_msp.c:319:6:HAL_TIM_Base_MspInit	24	static
../Core/Src/stm32f1xx_hal_msp.c:366:6:HAL_TIM_Base_MspDeInit	8	static
../Core/Src/stm32f1xx_hal_msp.c:413:6:HAL_UART_MspInit	32	static
../Core/Src/stm32f1xx_hal_msp.c:453:6:HAL_UART_MspDeInit	8	static
